digraph sample{
	graph[
		charset="UTF-8",
	]

	node[
		shape=record
	]

}
